// Jest Snapshot v1, https://goo.gl/fbAQLP

exports[`Catalog spec Renders app list on request sucess 1`] = `
<DocumentFragment>
  <h1
    class="sc-AxjAm jWlVxK"
  >
    App Catalog
  </h1>
  <input
    class="sc-AxmLO fRJPNF"
    placeholder="Search"
    value=""
  />
  <ul
    class="sc-AxirZ essigJ"
  >
    <li
      class="sc-AxiKw cfuaTr"
    >
      <a
        class="sc-Axmtr cIJKbp"
        href="/app/asdm123312asdnboqwedsa"
      >
        <div
          class="sc-AxhCb kqkZWI"
        >
          <img
            alt="prometheus-operator-app-chart"
            class="sc-AxhUy kfGxSb"
            src="https://raw.githubusercontent.com/prometheus/prometheus.github.io/master/assets/prometheus_logo-cb55bb5c346.png"
          />
          <div>
            <p
              class="sc-AxgMl kdnRNu"
            >
              prometheus-operator-app-chart
            </p>
            <p
              class="sc-AxheI gyIMnE"
            >
              0.2.0
            </p>
          </div>
        </div>
      </a>
    </li>
    <li
      class="sc-AxiKw cfuaTr"
    >
      <a
        class="sc-Axmtr cIJKbp"
        href="/app/dsjklnsankj12831209asmdo"
      >
        <div
          class="sc-AxhCb kqkZWI"
        >
          <img
            alt="nginx-ingress-controller-app"
            class="sc-AxhUy kfGxSb"
            src="https://upload.wikimedia.org/wikipedia/commons/thumb/c/c5/Nginx_logo.svg/500px-Nginx_logo.svg.png"
          />
          <div>
            <p
              class="sc-AxgMl kdnRNu"
            >
              nginx-ingress-controller-app
            </p>
            <p
              class="sc-AxheI gyIMnE"
            >
              1.6.9
            </p>
          </div>
        </div>
      </a>
    </li>
  </ul>
</DocumentFragment>
`;
